// Jest Snapshot v1, https://goo.gl/fbAQLP

exports[`TheDate Component renders the UI as expected 1`] = `
<div>
  11/17/2019, 12:54:04 PM
</div>
`;
